// Jest Snapshot v1, https://goo.gl/fbAQLP

exports[`when validate is false should print the manifest 1`] = `
"apiVersion: v1
kind: Pod
metadata:
  name: foo
spec: {}"
`;

exports[`when validate is not set should print the error 1`] = `
"
[4mcomponents/foo.js[24m - v1/Pod foo

[31mâœ– /spec must have required property containers[39m

[31merror[39m - Found 1 error in total
[31merror[39m - Generate failed"
`;

exports[`when validate is true should print the error 1`] = `
"
[4mcomponents/foo.js[24m - v1/Pod foo

[31mâœ– /spec must have required property containers[39m

[31merror[39m - Found 1 error in total
[31merror[39m - Generate failed"
`;
