// Jest Snapshot v1, https://goo.gl/fbAQLP

exports[`should load loaders specified in args 1`] = `
"apiVersion: v1
kind: Pod
metadata:
  name: test-pod"
`;

exports[`should load loaders specified in config 1`] = `
"apiVersion: v1
kind: Pod
metadata:
  name: test-pod"
`;

exports[`should use import specified in args 1`] = `
"apiVersion: v1
kind: Pod
metadata:
  name: test-pod"
`;

exports[`should use import specified in config 1`] = `
"apiVersion: v1
kind: Pod
metadata:
  name: test-pod"
`;
