// Jest Snapshot v1, https://goo.gl/fbAQLP

exports[`when bail is not set should print the error 1`] = `
"
[4mcomponents/foo.js[24m - v1/Pod foo [0]

[31mâœ– /spec must have required property containers[39m

[4mcomponents/nginx.js[24m - apps/v1/Deployment nginx [0]

[31mâœ– /spec must have required property selector[39m

[31mâœ– /spec must have required property template[39m

[4mcomponents/nginx.js[24m - v1/Service nginx [1]

[31mâœ– /spec/ports/0/port must be integer[39m

[31mâœ– /spec/type must be equal to one of the allowed values: ["ClusterIP","ExternalName","LoadBalancer","NodePort"][39m

[31merror[39m - Found 5 errors in total
[31merror[39m - Generate failed"
`;

exports[`when bail is true should print the error 1`] = `
"
[4mcomponents/foo.js[24m - v1/Pod foo [0]

[31mâœ– /spec must have required property containers[39m

[4mcomponents/nginx.js[24m - apps/v1/Deployment nginx [0]

[31mâœ– /spec must have required property selector[39m

[31merror[39m - Found 2 errors in total
[31merror[39m - Generate failed"
`;
